[debug] [2025-10-25T20:50:57.878Z] ----------------------------------------------------------------------
[debug] [2025-10-25T20:50:57.881Z] Command:       C:\Program Files\nodejs\node.exe C:\Users\ASUS\AppData\Roaming\npm\node_modules\firebase-tools\lib\bin\firebase.js init firestore
[debug] [2025-10-25T20:50:57.881Z] CLI Version:   14.22.0
[debug] [2025-10-25T20:50:57.881Z] Platform:      win32
[debug] [2025-10-25T20:50:57.881Z] Node Version:  v20.18.0
[debug] [2025-10-25T20:50:57.882Z] Time:          Sat Oct 25 2025 23:50:57 GMT+0300 (Москва, стандартное время)
[debug] [2025-10-25T20:50:57.882Z] ----------------------------------------------------------------------
[debug] 
[info] 
     ######## #### ########  ######## ########     ###     ######  ########
     ##        ##  ##     ## ##       ##     ##  ##   ##  ##       ##
     ######    ##  ########  ######   ########  #########  ######  ######
     ##        ##  ##    ##  ##       ##     ## ##     ##       ## ##
     ##       #### ##     ## ######## ########  ##     ##  ######  ########

You're about to initialize a Firebase project in this directory:

  D:\Frontend\Itransition trainee\PetShelt\pet-shelter-app

[info] 
=== Project Setup
[info] 
[info] First, let's associate this project directory with a Firebase project.
[info] You can create multiple project aliases by running firebase use --add, 
[info] 
